// Jest Snapshot v1, https://goo.gl/fbAQLP

exports[`<Input/> match to snapshot 1`] = `
<div
  class="h-12 flex items-center gap-3 w-full py-4 px-3 rounded bg-gray-800 focus-within:ring-2 focus-within:outline-cyan-300 focus-within:ring-cyan-500"
>
  <input
    class="outline-0 bg-transparent flex-1 text-gray-100 text-xs placeholder:text-gray-400 "
  />
</div>
`;
