// Jest Snapshot v1, https://goo.gl/fbAQLP

exports[`<Heading/> match to snapshot 1`] = `
<h2
  class="text-gray-100 font-sans font-bold text-xl"
>
  Text
</h2>
`;
